### Sample 3: BBH with illustrative ringdown, zoomed near ISCO ###
[driver_gw] Integrating inspiral ...
──────────────────────────────────────────────────────────────
  GravitationalWaveSources — Run Summary
──────────────────────────────────────────────────────────────
  Masses              : 36.000 + 29.000  M☉
  Total mass          : 65.000  M☉
  Chirp mass          : 28.0956  M☉
  Distance            : 440.0  Mpc
  Band start          : 20.0  Hz
  ISCO cutoff         : 67.6  Hz
  Time to ISCO        : 0.812  s
  Strain scale at ISCO: 1.165e-21
  Inspiral samples    : 4,063
  Ringdown            : illustrative Schwarzschild QNM
  Final mass (toy est): 61.750  M☉
  QNM frequency       : 195.5  Hz
  QNM decay time      : 3.418  ms
──────────────────────────────────────────────────────────────
[driver_gw] Rendering figure ...
[plot_gw] PNG saved -> SampleOutputs/gw_inspiral_20260822_091548.png
[plot_gw] Displaying figure on screen ...
